
> dophy-link-public@0.1.0 build
> next build

  ▲ Next.js 14.2.10

   Creating an optimized production build ...
 ✓ Compiled successfully
   Linting and checking validity of types ...
   Collecting page data ...
   Generating static pages (0/4) ...
 ⚠ metadataBase property in metadata export is not set for resolving social open graph or twitter images, using "http://localhost:3000". See https://nextjs.org/docs/app/api-reference/functions/generate-metadata#metadatabase
   Generating static pages (1/4) 
 ⚠ metadataBase property in metadata export is not set for resolving social open graph or twitter images, using "http://localhost:3000". See https://nextjs.org/docs/app/api-reference/functions/generate-metadata#metadatabase
   Generating static pages (2/4) 
   Generating static pages (3/4) 
 ✓ Generating static pages (4/4)
   Finalizing page optimization ...
   Collecting build traces ...

Route (app)                              Size     First Load JS
┌ ○ /                                    10.7 kB        97.9 kB
└ ○ /_not-found                          873 B            88 kB
+ First Load JS shared by all            87.1 kB
  ├ chunks/1dd3208c-4a9049f74b62723d.js  53.6 kB
  ├ chunks/286-72899dfa5efa527c.js       31.6 kB
  └ other shared chunks (total)          1.96 kB


○  (Static)  prerendered as static content

